4
Integer
4.5
Float
"str"
String
true
TrueClass
[1]
Array
{a: 1}
Hash
nil
NilClass
"z"
String
#<struct S x=4>
#<struct T x="s", y=2.5>
#<struct S x="z">
#<struct T x=3, y=1>
#<struct T x=4, y=4.5>
5
#<struct T x=nil, y=4.5>
nil
nil
#<struct T x=nil, y=nil>
nil
#<struct T x=nil, y=2>
v0
v4
v5.5
#<struct U x=4, y=5.5>
5
#<struct U x=7, y=nil>
#<struct U x="s", y=2.5>
#<struct U x=2.5, y=5>
#<struct U x="s!", y=5.0>
"undefined method '[]=' for an instance of D"
#<data D x="s">
#<struct F flag=nil, sym=nil, n=nil>
#<struct F flag=false, sym=:b, n=nil>
#<struct T x=8, y=9>
