RangeError: float Inf out of range of integer
RangeError: float Inf out of range of integer
RangeError: float Inf out of range of integer
RangeError: float Inf out of range of integer
FloatDomainError: Infinity
RangeError: float Inf out of range of integer
FloatDomainError: Infinity
RangeError: float Inf out of range of integer
RangeError: float Inf out of range of integer
RangeError: float Inf out of range of integer
RangeError: float Inf out of range of integer
RangeError: float Inf out of range of integer
RangeError: float -Inf out of range of integer
RangeError: float -Inf out of range of integer
RangeError: float -Inf out of range of integer
RangeError: float -Inf out of range of integer
FloatDomainError: -Infinity
RangeError: float -Inf out of range of integer
FloatDomainError: -Infinity
RangeError: float -Inf out of range of integer
RangeError: float -Inf out of range of integer
RangeError: float -Inf out of range of integer
RangeError: float -Inf out of range of integer
RangeError: float -Inf out of range of integer
RangeError: float NaN out of range of integer
RangeError: float NaN out of range of integer
RangeError: float NaN out of range of integer
RangeError: float NaN out of range of integer
FloatDomainError: NaN
RangeError: float NaN out of range of integer
FloatDomainError: NaN
RangeError: float NaN out of range of integer
RangeError: float NaN out of range of integer
RangeError: float NaN out of range of integer
RangeError: float NaN out of range of integer
RangeError: float NaN out of range of integer
