[1, 3, 5]
[1, 3, 5]
[1.0, 1.5, 2.0]
[1, 2, 3]
[1, 2, 3]
[1, 2, 3]
[1.0, 1.5, 2.0]
ArgumentError: step can't be 0
[1, 3, 5, 7]
[1, 4, 7]
[1, 3, 5]
[1, 3, 5, 7]
"ab"
"ab"
"ab"
"ab"
"x"
"xyab"
"b"
" xab "
TypeError: no implicit conversion of Integer into String
TypeError: no implicit conversion of nil into String
TypeError: no implicit conversion of Symbol into String
"ab"
"ab"
"ab"
nil
"AB"
ArgumentError: invalid option
ArgumentError: invalid option
ArgumentError: too many options
ArgumentError: option :fold only allowed for downcasing
"ab"
ArgumentError: invalid option
ArgumentError: invalid option
ArgumentError: invalid option
"AB"
ArgumentError: invalid option
ArgumentError: invalid option
"ab"
"ab"
#<Encoding:BINARY (ASCII-8BIT)>
[97, 98]
"ab\xFF"
#<Encoding:BINARY (ASCII-8BIT)>
[97, 98, 255]
"\xFFab"
#<Encoding:BINARY (ASCII-8BIT)>
[255, 97, 98]
"a\xE9b"
#<Encoding:BINARY (ASCII-8BIT)>
[97, 233, 98]
#<Encoding:UTF-8>
[1, 3, 5]
[:recv, :step]
[2, 22, 42]
