ArgumentError: wrong number of arguments (given 1, expected 0)
ArgumentError: wrong number of arguments (given 1, expected 0)
ArgumentError: wrong number of arguments (given 2, expected 1)
ArgumentError: wrong number of arguments (given 1, expected 0)
ArgumentError: wrong number of arguments (given 2, expected 1)
ArgumentError: wrong number of arguments (given 2, expected 1)
ArgumentError: wrong number of arguments (given 1, expected 0)
ArgumentError: wrong number of arguments (given 1, expected 0)
ArgumentError: wrong number of arguments (given 2, expected 1)
ArgumentError: wrong number of arguments (given 1, expected 0)
ArgumentError: wrong number of arguments (given 1, expected 0)
ArgumentError: wrong number of arguments (given 1, expected 0)
ArgumentError: wrong number of arguments (given 1, expected 0)
ArgumentError: wrong number of arguments (given 1, expected 0)
ArgumentError: wrong number of arguments (given 1, expected 0)
ArgumentError: wrong number of arguments (given 2, expected 0..1)
ArgumentError: wrong number of arguments (given 1, expected 0)
ArgumentError: wrong number of arguments (given 1, expected 0)
[:value]
2
["a", "b"]
Integer
2
