[1, 2, 3]
Enumerator::Chain
true
true
true
true
false
[1, 2, 3]
[2, 3]
[]
[1, 2, 3, 4]
[10]
[true, false, true, false]
[false, false, true, false]
[false, true, true, false]
[false, false, false, false]
[false, false, false, false]
[false, false, false, false]
undefined method 'each' for an instance of Integer
undefined method 'each' for nil
undefined method 'each' for an instance of String
