#<Encoding:UTF-8>
1
#<Encoding:BINARY (ASCII-8BIT)>
2
#<Encoding:BINARY (ASCII-8BIT)>
#<Encoding:UTF-8>
#<Encoding:BINARY (ASCII-8BIT)>
#<Encoding:BINARY (ASCII-8BIT)>
307
#<Encoding:UTF-8>
306
#<Encoding:BINARY (ASCII-8BIT)>
#<Encoding:UTF-8>
#<Encoding:BINARY (ASCII-8BIT)>
#<Encoding:UTF-8>
TypeError: no implicit conversion of nil into String
TypeError: no implicit conversion of Integer into String
ArgumentError: unknown encoding name - nope
FrozenError
