[:@y, :@x]
#<O:0x @y=2, @x=1>
[:@y, :@x]
[:@y, :@x, :@z]
#<O:0x @y=5, @x=1, @z=nil>
[:@a, :@b, :@c]
[:@a, :@c, :@b]
#<Q:0x @a=1, @b=2, @c=3>
#<Q:0x @a=1, @c=3, @b=4>
[:@a, :@b, :@c, :@d, :@e]
[:@a, :@c, :@b, :@e]
#<Q:0x @a=1, @b=2, @c=3, @d=nil, @e=nil>
#<Q:0x @a=1, @c=3, @b=4, @e=6>
#<Q:0x @a=1, @c=3, @b=4, @e=nil, @d=7>
[:@b, :@c, :@d, :@e]
[:@b, :@c, :@d, :@e, :@a]
#<Q:0x @b=2, @c=3, @d=nil, @e=nil, @a=9>
[:@b, :@c, :@d, :@a, :@e]
[:@a, :@c, :@b, :@e, :@d]
[:@a, :@c, :@b, :@e, :@d]
[:@a, :@c, :@e, :@d, :@b]
[:@a, :@c, :@b, :@e, :@d]
"\x04\bo:\x06O\b:\a@yi\n:\a@xi\x06:\a@z0"
[:@y, :@x, :@z]
"\x04\bo:\x06Q\n:\a@bi\a:\a@ci\b:\a@d0:\a@ai\x0E:\a@ei\v"
[:@b, :@c, :@d, :@a, :@e]
[:@b, :@c, :@d, :@a, :@e]
[#<O:0x @y=5, @x=1, @z=nil>, #<Q:0x @a=1, @c=3, @b=4, @e=nil, @d=7>]
[:@c, :@tag, :@b]
[:@b, :@c, :@a]
[:@tag, :@a]
[#<Kid:0x @c=1, @tag=nil, @b=2>, #<Kid:0x @b=1, @c=nil, @a=3>, #<Base:0x @tag=1, @a=2>]
[:@n, :@r, :@s, :@t, :@u]
[:@z, :@x]
[:@n, :@t, :@s, :@r, :@u]
[:@b, :@c, :@a]
"#<Cy:0x @b=69997, @c=69998, @a=69999>"
[:@a, :@b, :@c]
[:@c, :@a, :@b]
[:@c, :@a, :@b]
[:@c, :@a, :@b]
[:@c, :@a, :@b]
[:@c, :@a, :@b]
[:@b]
[]
#<Il:0x @c=nil, @a=1, @b=2>
#<Ab:0x>
[:@z, :@y, :@x]
[:@z, :@y, :@x]
[:@y, :@x]
[:@y, :@x]
[:@z, :@y, :@x]
