"too few arguments"
"too few arguments"
[97, 98]
"too few arguments"
"too few arguments"
[97, 98]
"too few arguments"
"too few arguments"
[97, 98]
"too few arguments"
"too few arguments"
[97, 98]
"too few arguments"
"too few arguments"
[97, 98]
"too few arguments"
"too few arguments"
[97, 98]
"too few arguments"
"too few arguments"
[97, 98]
"too few arguments"
"too few arguments"
[97, 98]
"too few arguments"
"too few arguments"
[97, 98]
"too few arguments"
"too few arguments"
[97, 98]
"too few arguments"
"too few arguments"
[97, 98]
"too few arguments"
"too few arguments"
[97, 98]
"too few arguments"
"too few arguments"
[97, 98]
"too few arguments"
"too few arguments"
[97, 98]
"too few arguments"
"too few arguments"
[97, 98]
"too few arguments"
"too few arguments"
[97, 98]
"too few arguments"
"too few arguments"
[97, 98]
"too few arguments"
"too few arguments"
[97, 98]
"too few arguments"
"too few arguments"
[97, 98]
"too few arguments"
"too few arguments"
[97, 98]
"too few arguments"
"too few arguments"
[97, 98]
"too few arguments"
"too few arguments"
[97, 98]
"too few arguments"
"too few arguments"
[97, 98]
"too few arguments"
"too few arguments"
[97, 98]
"too few arguments"
"too few arguments"
[97, 98]
"too few arguments"
"too few arguments"
[97, 98]
"too few arguments"
"too few arguments"
[97, 98]
"too few arguments"
"too few arguments"
[97, 98]
"too few arguments"
"too few arguments"
[97, 98]
"too few arguments"
"too few arguments"
[97, 98]
"too few arguments"
"too few arguments"
[97, 98]
"too few arguments"
"too few arguments"
[97, 98]
"too few arguments"
"too few arguments"
[97, 98]
"too few arguments"
"too few arguments"
[97, 98]
"too few arguments"
"too few arguments"
[97, 98]
"too few arguments"
"too few arguments"
[97, 98]
"too few arguments"
"too few arguments"
[97, 98]
"too few arguments"
"too few arguments"
[97, 98]
"too few arguments"
"too few arguments"
[97, 98]
"too few arguments"
"too few arguments"
[97, 98]
"too few arguments"
"too few arguments"
[97, 98]
"too few arguments"
"too few arguments"
"too few arguments"
"too few arguments"
"too few arguments"
"too few arguments"
"too few arguments"
"too few arguments"
"too few arguments"
"too few arguments"
"too few arguments"
"too few arguments"
"too few arguments"
"too few arguments"
"too few arguments"
"too few arguments"
"too few arguments"
"too few arguments"
"too few arguments"
"too few arguments"
"too few arguments"
"no implicit conversion of nil into Integer"
[]
[1]
[1]
[97]
[97]
[1, 97]
[]
