"zz"
"zzz"
"ZZZ"
"aZZ"
"abZZ"
""
"zz"
"zzz"
"ZZZ"
"aZZ"
"abZZ"
""
"zz"
"zzz"
"ZZZ"
"aZZ"
"abZZ"
""
"zz"
"zzz"
"ZZZ"
"aZZ"
"abZZ"
""
"zz"
"zzz"
"ZZZ"
"aZZ"
"abZZ"
""
"zz"
"zzz"
"ZZZ"
"aZZ"
"abZZ"
""
"zz"
"zzz"
"ZZZ"
"aZZ"
"abZZ"
""
"zz"
"zzz"
"ZZZ"
"aZZ"
"abZZ"
""
"zz"
"zzz"
"ZZZ"
"aZZ"
"abZZ"
""
"zz"
"zzz"
"ZZZ"
"aZZ"
"abZZ"
""
"zz"
"zzz"
"ZZZ"
"aZZ"
"abZZ"
""
"zz"
"zzz"
"ZZZ"
"aZZ"
"abZZ"
""
"abz"
"ab"
"ab"
"cd"
"cd"
"zb"
"abz"
