"hippo"
"heLo"
"hEllo"
"string not matched"
"regexp not matched"
["hELLo", "hELLo"]
{"k" => 1}
[NoMethodError, 5]
[NoMethodError, 5]
[NoMethodError, 5]
[NoMethodError, :sym]
[NoMethodError, :sym]
[NoMethodError, :sym]
[NoMethodError, nil]
[NoMethodError, nil]
[NoMethodError, nil]
[NoMethodError, 2.5]
[NoMethodError, 2.5]
[NoMethodError, 2.5]
[NoMethodError, true]
[NoMethodError, true]
[NoMethodError, true]
"aZcd"
"aZd"
"abZd"
"abcZ"
"Zbcd"
"0bc"
"aBc"
[1, 9, 3]
{1 => 5}
#<IndexError: index 5 out of string>
"Z"
"aZ"
"Zd"
"abZ"
"Zbcd"
"aZ"
"Zcd"
"aZ"
"Zd"
"5.. out of range"
"-6..1 out of range"
"abcdZ"
"Zabcd"
"xyz"
"xyz"
"xyz"
"xyz"
"xyz"
"xyz"
"xyz"
"xyz"
"wxyz"
"wxyz"
:sym
"aQc"
[["x", 2], [7, 8]]
"XYc"
"Qbcd"
"QBC"
"Qbcd"
"XYc"
["x", 9, 3]
"xyz"
"xyz"
"xyz"
"XYc"
"XYc"
"Qbc"
