"hippo"
"heLo"
"hEllo"
"string not matched"
"regexp not matched"
["hELLo", "hELLo"]
{"k" => 1}
[NoMethodError, 5]
[NoMethodError, 5]
[NoMethodError, 5]
[NoMethodError, :sym]
[NoMethodError, :sym]
[NoMethodError, :sym]
[NoMethodError, nil]
[NoMethodError, nil]
[NoMethodError, nil]
[NoMethodError, 2.5]
[NoMethodError, 2.5]
[NoMethodError, 2.5]
[NoMethodError, true]
[NoMethodError, true]
[NoMethodError, true]
"aZcd"
"aZd"
"abZd"
"abcZ"
"Zbcd"
"0bc"
"aBc"
[1, 9, 3]
{1 => 5}
#<IndexError: index 5 out of string>
