precision
half
25
precision
half
25
precision
half
RangeError
precision
half
2
precision
half
2
precision
half
RangeError
precision
half
20
precision
half
25
precision
half
RangeError
precision
half
RangeError
precision
half
0
precision
half
2.5
precision
half
RangeError
precision
half
RangeError
half
RangeError
half
RangeError
half
RangeError
half
25
half
RangeError
half
RangeError
half
RangeError
half
2.5
