10
nil
"apple x3"
nil
pear: 4
["pear", 4]
nil
[31, true]
[7, true]
8
nil
[11, 12]
nil
3 kg
4 kg
[3, 4]
nil
[[:a, 1, []], [:b, 2, []]]
[]
[[1, 2], [3, 0]]
[]
[[3, 1], [3, 2], [1, 2]]
[]
[7, true]
[7, true]
[7, true]
8
[13, 11, 12]
3 kg
1 kg
2 kg
[3, 1]
[3, 2]
[1, 2]
[:a, 1, []]
[:b, 2, []]
0
nil
0
6
