nil
"s-1"
nil
"3-2"
nil
"2.5-3"
nil
"own s"
nil
103
nil
3
"none"
"3-5"
"<>"
"<2.5-6>"
"n"
"y"
[1, 2, 3, 4, 5, 6, 7]
nil
nil
"4-9"
7
99
nil
7
nil
note u xy
nil
nil
s <7> s
s1
s 7
s 1
["s", 7, "s"]
side,info:xa,side,side,info:xb,side,mk,info:c,side,info:xd,side,mk,info:xe,side
"f0-[1, 2]"
"f0-[3]"
"f0-[1, 2]"
nil
"abc-2"
"abc-2"
"abcc-2"
"abd-1"
"x-1"
1
