"X-Cde"
"X-Cde"
nil
"J"
"Ello!"
"J"
69
"Ello!"
"Ello!"
""
""
""
nil
"zz"
"zz"
">YCcde"
">YCcde"
">YCcde"
"JEll"
"JEll"
"JEll"
"6bcdef"
"6bcdef"
"b6bcde"
"b6bcde"
"f"
"BZbcde"
"BZbcde"
"BZbcde"
"66bcde"
"66bcde"
"q"
"66BCDEFcdef"
"66BCDEFcdef"
""
""
""
""
"hk2?!bcdef"
"hk2?!bcdef"
"hk2?!bcdef"
"e6Zdef"
"e6Zdef"
"66ZWef"
"66ZWef"
"I76YWef"
"I76YWef"
"QQVWef"
"QQVWef"
"ZWbcdef"
"ZWbcdef"
"Xbcde"
"Xbcde"
nil
