"index:hello!"
"rindex:hello!"
"start_with?:hello!"
"end_with?:hello!"
"delete:hello!"
"partition:hello!"
"rpartition:hello!"
"count:hello!"
"squeeze:hello!"
"split:hello!"
"pack:hello!"
"unpack1:hello!"
"join:hello!"
"strftime:hello!"
"fetch:hello!"
"hello!"
"index:hello!"
"rindex:hello!"
"start_with?:hello!"
"end_with?:hello!"
"delete:hello!"
"partition:hello!"
"rpartition:hello!"
"count:hello!"
"squeeze:hello!"
"split:hello!"
"pack:hello!"
"unpack1:hello!"
"join:hello!"
"strftime:hello!"
"fetch:hello!"
"hello!"
