[ArgumentError, true]
FrozenError
[RuntimeError, true]
FrozenError
[RuntimeError, true]
FrozenError
[ArgumentError, true]
FrozenError
[E, true]
FrozenError
[E, true]
FrozenError
[F, true]
FrozenError
[G, true]
FrozenError
[ArgumentError, true]
FrozenError
[ArgumentError, false]
[ArgumentError, false]
true
true
true
"#<RuntimeError: lit>"
"lit"
true
"fib"
true
"inner"
true
[ArgumentError, "", true]
FrozenError
[RuntimeError, "", true]
FrozenError
[RuntimeError, "", true]
FrozenError
[ArgumentError, "", true]
FrozenError
[E, "", true]
FrozenError
[E, "", true]
FrozenError
[F, "", true]
FrozenError
[G, "", true]
FrozenError
[ArgumentError, "", true]
FrozenError
[RuntimeError, "", true]
FrozenError
[RuntimeError, "", true]
FrozenError
[RuntimeError, "", false]
[ArgumentError, "", false]
true
""
["", true, false]
["", false, false]
["ArgumentError", false, false]
["x", true, false]
["y", false, false]
["orig", true, true]
