5
"first:left!:right?:500"
"first:left!:right?:300"
"left!"
"right?"
"left!A"
"left!A"
"first:frozen:literal:0"
"second:left!:right?:500"
"second:left!:right?:300"
"left!"
"right?"
"left!B"
"left!B"
"second:frozen:literal:0"
"instance:left!:right?:500"
"instance:left!:right?:300"
"left!"
"right?"
"left!C"
"left!C"
"instance:frozen:literal:0"
