"read:hello!:6"
"write:hello!"
"open:hello!"
"parse:hello!"
"load:hello!"
"new:hello!"
"index:hello!"
"fetch:hello!"
"name:hello!"
"name:zero"
"size:hello!"
"size:zero"
"length:hello!"
"length:zero"
"hello!"
"other:hello!:6"
6
"other open:hello!"
"other parse:hello!"
"other load:hello!"
"other new:hello!"
"other index:hello!"
"other fetch:hello!"
36
34
"other size:hello!"
"other size:zero"
"other length:hello!"
"other length:zero"
"hello!"
"read:hello!:6"
"write:hello!"
"open:hello!"
"parse:hello!"
"load:hello!"
"new:hello!"
"index:hello!"
"fetch:hello!"
"name:hello!"
"name:zero"
"size:hello!"
"size:zero"
"length:hello!"
"length:zero"
"hello!"
