JEll
abcdefZ!
Jell
abGdexyz
abcdexyG
hEllox
llo!
aBcde12
ABCdE
a071cdef
abcdeQ6
0741852963
Jello
Jelly
Jeably
Jeabl!
IndexError: index 9 out of string
abcd
ardefXY
abcderY
atdefXY
btef
bSef
bRef
bCdef
abIcdefXY
abcdefXIY
abcdefXIY
abcZ
aycdefQ
yrefQ
yrEfQW
yrEfQWZ!
<rEfQWZ!
<rEfQWZ!
mbm++
mbm++
"abccdef"
"abccdef"
"accdef"
"accdef"
"ay"
"ay"
"mccdef+"
"mccdef+"
"<a"
"bcdef"
"bQc"
"Rdef"
"xy"
"Rdef"
"1234"
"Rdef"
"P"
"Rdef"
"el"
"hlo"
nil
nil
"<<hlo"
"A<"
"<hlo!"
"el"
"cde"
"xy"
"abc"
"ab"
"BC"
"abc"
nil
""
nil
"h<<o!"
"h<<o!"
"babcdefT"
TypeError: no implicit conversion of Integer into String
IndexError: index 9 out of string
IndexError: index -4 out of string
IndexError: index -4 out of string
IndexError: string not matched
abc!
value first
FrozenError
IndexError: string not matched
IndexError: regexp not matched
aqq!
3342205023
3342205023
