[true, true, true, false, false]
[true, true, true, true, false]
[false, false, false]
[false, false, false]
[TypeError, "wrong argument type String (expected Range)"]
[TypeError, "can't do binary search for String"]
[TypeError, "can't do binary search for String"]
[TypeError, "can't do binary search for NilClass"]
[true, true, false]
[TypeError, "can't do binary search for String"]
