["a0", "zz", "a0", "zz", "d0"]
["aa", "z0", "aa", "z0", "e0"]
["a0", "z0", "a0", "z0", "f0"]
["a0", "z0", "a0", "z0"]
["a0", "z0", "k0"]
["a0", "z0", "a0", "z0", "p0"]
["a0", "z0", "a0", "z0", "m0"]
["a1", "zz", "a1", "zz", "d1"]
["aa", "z1", "aa", "z1", "e1"]
["a1", "z1", "a1", "z1", "f1"]
["a1", "z1", "a1", "z1"]
["a1", "z1", "k1"]
["a1", "z1", "a1", "z1", "p1"]
["a1", "z1", "a1", "z1", "m1"]
