"b"
"b"
"b"
"b"
nil
nil
nil
"other"
"other"
nil
"b"
"b"
"b"
nil
nil
nil
"b"
"b"
"b"
nil
nil
nil
"b"
"b"
"b"
nil
nil
nil
""
""
""
"b"
"b"
"b"
""
""
"other"
""
""
""
"b"
"b"
"b"
""
""
""
"b"
"b"
"b"
""
""
""
"b"
"b"
"b"
"x"
"x"
"x"
"b"
"b"
"b"
"x"
"x"
"other"
"x"
"x"
"x"
"b"
"b"
"b"
"x"
"x"
"x"
"b"
"b"
"b"
"x"
"x"
"x"
"b"
"b"
"b"
"b"
"b"
nil
nil
""
""
"b"
"b"
"x"
"x"
"b"
"b"
"b"
"b"
nil
"b"
"b!"
nil
"b"
"b!"
""
""
"!"
"x"
"x"
"x!"
"other"
"other!"
""
"!"
"x"
"x!"
nil
nil
nil
nil
"b"
"b!"
"b"
"b!"
nil
rhs
"b"
"b"
""
rhs
"b"
