"ab"
"fresh"
"ab"
false
"ab"
"ab"
"ab"
true
"ab"
"fresh"
"ab"
false
"ab"
"ab"
"ab"
true
"ab"
"fresh"
"ab"
false
"ab"
"ab"
"ab"
true
"ab"
"fresh"
"ab"
false
"ab"
"ab"
"ab"
true
"yielded!"
"ab"
"yielded!"
"ab"
"optional"
"ab"
"optional"
"ab"
7
"pair"
"temporary"
"fresh"
"temporary"
"temporary"
[97, 98]
"ab"
[97, 98]
"fresh"
"ab"
"ab"
"ab"
7
"pair"
