nil
nil
nil
nil
nil
nil
nil
nil
nil
nil
nil
nil
nil
nil
nil
true
[nil, true]
[nil, true]
[nil, true]
[nil, true]
true
true
true
[nil, :x]
true
true
true
true
nil
{k: nil}
[nil, nil, nil, nil]
nil nil nil
9.5
7
1.5
4.0
2
1.5
[2.5]
10.0
3
[true, nil, nil, true]
[true, nil, nil, true]
[true, nil, nil, true]
[false, nil, nil, false]
