true
"a\u0000bc"
"a\u0000bcd"
true
"a\u0000bc"
"a\u0000bcd"
true
"a\u0000bc"
"a\u0000bcd"
true
"a\u0000bc"
"a\u0000bcd"
true
"a\u0000bc"
"a\u0000bcd"
true
"a\u0000bc"
"a\u0000bcd"
true
"a\u0000bc"
"a\u0000bcd"
true
"a\u0000bc"
"a\u0000bcd"
nil
"unchanged"
"fresh!"
true
"fixed"
"label"
"identity!"
"identity!?"
"then!"
"then!?"
true
"!ative?"
