"first:left!:right?:false:false:500:0"
"left!"
"right?"
"new-left"
"new-right"
"first:new-left!:new-right?:false:false:500:0"
"first:new-left!:new-right?:false:false:500:700"
"first:frozen-left:frozen-right:true:true:500:0"
"first:::true:true:500:0"
"first:only-left!:only-right?:false:false:500:600"
"dependent!:dependent!tail"
"captured:dependent!"
"second:left!:right?:false:false:500:0"
"left!"
"right?"
"new-left"
"new-right"
"second:new-left!:new-right?:false:false:500:0"
"second:new-left!:new-right?:false:false:500:700"
"second:frozen-left:frozen-right:true:true:500:0"
"second:::true:true:500:0"
"second:only-left!:only-right?:false:false:500:600"
"dependent!:dependent!tail"
"captured:dependent!"
