[:select, [["r!#", 0], ["s!", 1]], ["r!#", "s!"]]
[:reject, [["r!#", 0], ["s!", 1]], ["r!#", "s!"]]
[:map, [["r!#", 0], ["s!", 1]], ["r!#", "s!"]]
[:filter_map, [["r!#", 0], ["s!", 1]], ["r!#", "s!"]]
[:with_index4, [["r!#", 4], ["s!", 5]], ["r!#", "s!"]]
[:with_object, [["r!#", 0], ["s!", 1]], ["r!#", "s!"]]
[:partition, [[["r!#", 0]], [["s!", 1]]], ["r!#", "s!"]]
[:count, 2, ["r!#", "s!"]]
[:split, [["r!#", 0], ["s!", 1]], ["r!#", "s!"]]
[:kept_enum, [["r!#", 0], ["s!", 1]], ["r!#", "s!"]]
[["r!#", 0], ["s!", 1]]
