"a1"
"a1234"
1
"a1234"
"a1234f!"
"C<>2"
"lit"
"c12"
"c1234"
{}
"c1234"
"d123"
"D12345"
nil
"e12"
"e12"
"e123"
"G1"
2
"G1234"
"G12z!"
3
nil
"G123456789a"
"hI!?1234"
NoMethodError
NoMethodError
NoMethodError
NoMethodError
NoMethodError
NoMethodError
NoMethodError
NoMethodError
NoMethodError
NoMethodError
NoMethodError
NoMethodError
NoMethodError
nil
"ab1"
"q123"
