["a*!?", "b*?"]
"xabyab"
["ab+", "ac+"]
["a~", "b~", "c~"]
"outer"
["p*", "q*"]
"22!#?"
{"1" => "1!#", "22" => "22!#?"}
["ab+", "cd+"]
["a1*", "b2*"]
["a1a2a1a", "1a", "a1a2a1a", "2a1a", "b1b2b1b", "1b", "b1b2b1b", "2b1b"]
["a!", "c!"]
["p_", "q_"]
["p__", "q__"]
["a1!", "b2"]
250
"tttttttttti0"
"49i49"
2790
["a-", "1#", "b-", "2#"]
["a<", "b<"]
"x1"
"y2"
["x1!", "y2!"]
[["a", "a"], ["b", "b"]]
"ab"
"cd"
["a!", "b!", "c?", "d?"]
["aA", "bB"]
