"ax!!!!y++kbgg"
"ax!!!!y++kbgg"
"ax!!!!y++kbggf!"
"lit"
NoMethodError
NoMethodError
NoMethodError
NoMethodError
NoMethodError
7000
"frozen-literal-text"
"k!"
NoMethodError
NoMethodError
[["frozen-literal-textlit", "other", "frozen-literal-textA", 220, 72], ["frozen-literal-textlit", "other", "frozen-literal-textA", 420, 72]]
"frozen-literal-text"
