true
true
"s!"
true
true
"s!i"
true
true
true
"s!ic"
true
true
"s!icu"
true
true
true
true
"s!icun"
true
true
true
true
true
true
"s!icunm"
true
true
"s!icunmv"
true
true
"s!icunmvw"
true
true
true
true
"s!icunmvwx"
true
true
"s!icunmvwxr"
true
true
"s!icunmvwxre"
"s!icunmvwxre"
false
"fresh"
"s!icunmvwxre"
