true
true
true
"abc!"
"abc!"
true
true
true
"abc!"
"abc!"
true
"abc!"
"abc!"
true
"abc!"
"abc!"
true
"abc!"
"abc!"
true
"abc!"
"abc!"
true
"abc!"
"abc!"
"abc!"
true
true
"abc!"
"abc!"
true
"abc!"
"abc!"
true
"abc!"
"abc!"
true
"abc!"
"abc!"
true
"abc!"
"abc!"
true
"abc!"
"abc!"
true
"abc!"
"abc!"
true
"abc!"
"abc!"
true
"abc!"
"abc!"
nil
"slice!"
["slice!"]
true
["fresh!"]
true
true
nil
7
true
nil
7
nil
7
7
7
true
frozen
