true
"lit!"
"lit!"
"lit!?"
"src"
true
"SRC!"
"SRC!"
"SRC!?"
"src"
true
"srcx!"
"srcx!"
"srcx!?"
"src"
true
"src!"
"src!"
"src!?"
"src"
true
"src!"
"src!"
"src!?"
"src"
true
"srcy!"
"srcy!"
"srcy!?"
"src"
true
"srcsrc!"
"srcsrc!"
"srcsrc!?"
"src"
true
"sr!"
"sr!"
"sr!?"
"src"
["array!"]
true
{x: "hash!"}
true
{x: "hash!", y: "store!"}
true
"dropped!"
"dropped!?"
