[true, true, true]
[true, true]
[false, false]
[true, true]
["AABC", "AABC"]
[true, true]
[true, true, true]
[true, true]
[false, false]
[true, true]
["AABC", "AABC"]
[true, true]
[true, true]
[false, false]
[true, true]
["AABC", "AABC"]
[true, true]
[true, true]
[false, false]
[true, true]
["AABC", "AABC"]
[true, true]
[true, true]
[false, false]
[true, true]
["AABC", "AABC"]
[true, true]
[true, true]
[false, false]
[true, true]
["AABC", "AABC"]
[true, true]
