spinel: test/share/refuse/scan_parameter_subject.rb:5: under --share-strings, the share analysis does not follow this route, so it cannot prove that no other name sees the copy: a match `scan` hands its block is kept and mutated in place (a String is not yet shared by reference through `scan`'s block parameter). Mutate a copy (`m = +m.dup`) and keep that.
