spinel: test/share/refuse/string_boxed_to_s_local_copy_arg.rb:8: under --share-strings, this String is shared with another name, and the route does not carry the shared handle yet: a String read through a reader on a boxed receiver (a Struct or Data member, an attr_reader, `def m = @iv`) is mutated in place (a String is not yet shared by reference through a reader on a boxed receiver). Assign the changed String back to the member.
